CREATE TABLE t_d_limit(a Integer, b Integer);
insert into t_d_limit values(1,2);
insert into t_d_limit values(1,2);
insert into t_d_limit values(1,2);
insert into t_d_limit values(1,2);
insert into t_d_limit values(1,2);
insert into t_d_limit values(2,3);
insert into t_d_limit values(2,3);
insert into t_d_limit values(2,3);
insert into t_d_limit values(2,3);
insert into t_d_limit values(2,3);
insert into t_d_limit values(3,4);
insert into t_d_limit values(3,4);
insert into t_d_limit values(3,4);
insert into t_d_limit values(3,4);
insert into t_d_limit values(3,4);
delete from t_d_limit where a < 2 limit 1;
prepare stmt(INTEGER) as delete from t_d_limit where a = $1 limit 1;
execute stmt(1);
delete from t_d_limit where a = 3 limit 1;
select a from t_d_limit where a=1;
 a 
---
 1
 1
 1
(3 rows)

CREATE TABLE t_d_limit_2(a int, b int) partition by hash(a)( partition h1_p_1,partition h2_p_2);
insert into t_d_limit_2 values(generate_series(1,20,1), generate_series(1,20,1));
CREATE TABLE t_d_limit_3(a int, b int) partition by hash(a)( partition h1_p_1,partition h2_p_2);
create index t_d_limit_inx_3 on t_d_limit_3(a) local;
insert into t_d_limit_3 values(generate_series(1,20,1), generate_series(1,20,1));
CREATE TABLE t_d_limit_4(a int, b int) partition by hash(a)( partition h1_p_1,partition h2_p_2);
create index t_d_limit_inx_4 on t_d_limit_4(a);
insert into t_d_limit_4 values(generate_series(1,20,1), generate_series(1,20,1));
CREATE TABLE t_d_limit_5(a int, b int) partition by hash(a)( partition h1_p_1,partition h2_p_2);
create index t_d_limit_inx_5_1 on t_d_limit_5(b) local;
create index t_d_limit_inx_5_12 on t_d_limit_5(a);
insert into t_d_limit_5 values(generate_series(1,20,1), generate_series(1,20,1));
prepare stmt_d_hash2_1 as delete from t_d_limit_2 where a=$1+1 limit $2*10;
prepare stmt_d_hash2_2 as delete from t_d_limit_2 where a>$1+1 limit $2*10;
prepare stmt_d_hash3_1 as delete from t_d_limit_3 where a=$1+1 limit $2*10;
prepare stmt_d_hash3_2 as delete from t_d_limit_3 where a>$1+1 limit $2*10;
prepare stmt_d_hash4_1 as delete from t_d_limit_4 where a=$1+1 limit $2*10;
prepare stmt_d_hash4_2 as delete from t_d_limit_4 where a>$1+1 limit $2*10;
prepare stmt_d_hash5_1 as delete from t_d_limit_5 where b=$1+1 limit $2*10;
prepare stmt_d_hash5_2 as delete from t_d_limit_5 where b>$1+1 limit $2*10;
execute stmt_d_hash2_1(1,1);
execute stmt_d_hash2_2(1,1);
execute stmt_d_hash3_1(1,1);
execute stmt_d_hash3_2(1,1);
execute stmt_d_hash4_1(1,1);
execute stmt_d_hash4_2(1,1);
execute stmt_d_hash5_1(1,1);
execute stmt_d_hash5_2(1,1);
DROP TABLE t_d_limit_2;
DROP TABLE t_d_limit_3;
DROP TABLE t_d_limit_4;
DROP TABLE t_d_limit_5;
DROP TABLE t_d_limit;
