set enable_default_ustore_table = on;
create schema test_unione_insert_select_multi_col;
set current_schema='test_unione_insert_select_multi_col';
-- create composite type
create type composite_type as (col_int integer, col_decimal decimal, col_bool boolean, col_money money, col_text text, col_date date, col_geo point, col_net cidr, col_circle circle);
-- create tables
create table integer_table (
  c1 tinyint,
  c2 smallint,
  c3 integer not null,
  c4 bigint,
  c5 int1,
  c6 int2,
  c7 int4,
  c8 int8,
  c9 int,
  c10 binary_integer
) with (storage_type=USTORE);
create table decimal_table (
  c1 decimal,
  c2 decimal(38),
  c3 decimal(38,7),
  c4 numeric,
  c5 numeric(38),
  c6 numeric(38,7),
  c7 number,
  c8 number(38),
  c9 number(38,7),
  c10 dec,
  c11 dec(38),
  c12 dec(38,7)
) with (storage_type=USTORE);
create table numeric_table (
  c1 real,
  c2 double precision,
  c3 smallserial,
  c4 serial,
  c5 bigserial,
  c6 float,
  c7 float4,
  c8 float8,
  c9 binary_double
) with (storage_type=USTORE);
NOTICE:  CREATE TABLE will create implicit sequence "numeric_table_c3_seq" for serial column "numeric_table.c3"
NOTICE:  CREATE TABLE will create implicit sequence "numeric_table_c4_seq" for serial column "numeric_table.c4"
NOTICE:  CREATE TABLE will create implicit sequence "numeric_table_c5_seq" for serial column "numeric_table.c5"
create table mix_table (
  c1 money,
  c2 boolean,
  c3 bytea,
  c4 Oid
) with (storage_type=USTORE);
create table time_table (
  c1 date,
  c2 time,
  c3 time(6),
  c4 time without time zone,
  c5 time with time zone,
  c6 time(6) without time zone,
  c7 time(6) with time zone,
  c8 timestamp,
  c9 timestamp(6),
  c10 timestamp without time zone,
  c11 timestamp with time zone,
  c12 timestamp(6) without time zone,
  c13 timestamp(6) with time zone,
  c14 smalldatetime,
  c15 interval,
  c16 interval day (3) to second (4),
  c17 interval year,
  c18 interval second (6),
  c19 interval hour to second(6),
  c20 reltime,
  c21 timetz,
  c22 tinterval,
  c23 abstime
) with (storage_type=USTORE);
create table character_table (
  c1 char,
  c2 char(10),
  c3 character,
  c4 character(20),
  c5 nchar,
  c6 nchar(30),
  c7 varchar,
  c8 varchar(40),
  c9 character varying(200),
  c10 varchar2(50),
  c11 nvarchar2(60),
  c12 clob,
  c13 text,
  c14 "char"
) with (storage_type=USTORE);
create table network_table (
  c1 cidr not null,
  c2 inet
) with (storage_type=USTORE);
create table bit_table (
  c1 bit,
  c2 bit varying
) with (storage_type=USTORE);
create table text_search_table (
  c1 tsvector,
  c2 tsquery
) with (storage_type=USTORE);
create table geometric_table (
  c1 point,
  c2 lseg,
  c3 box,
  c4 path,
  c5 path,
  c6 polygon,
  c7 circle
) with (storage_type=USTORE);
create table t1 (
  c1 int[],
  c2 int[][],
  c3 blob,
  c4 raw,
  c5 composite_type,
  c6 box,
  c7 name,
  c8 macaddr,
  c9 uuid
) with (storage_type=USTORE);
create table integer_table_2 (
  c1 tinyint,
  c2 smallint,
  c3 integer,
  c4 bigint,
  c5 int1,
  c6 int2,
  c7 int4,
  c8 int8,
  c9 int,
  c10 binary_integer
) with (storage_type=USTORE);
create table decimal_table_2 (
  c1 decimal,
  c2 decimal(38),
  c3 decimal(38,7),
  c4 numeric,
  c5 numeric(38),
  c6 numeric(38,7),
  c7 number,
  c8 number(38),
  c9 number(38,7),
  c10 dec,
  c11 dec(38),
  c12 dec(38,7)
) with (storage_type=USTORE);
create table numeric_table_2 (
  c1 real,
  c2 double precision,
  c3 smallserial,
  c4 serial,
  c5 bigserial,
  c6 float,
  c7 float4,
  c8 float8,
  c9 binary_double
) with (storage_type=USTORE);
NOTICE:  CREATE TABLE will create implicit sequence "numeric_table_2_c3_seq" for serial column "numeric_table_2.c3"
NOTICE:  CREATE TABLE will create implicit sequence "numeric_table_2_c4_seq" for serial column "numeric_table_2.c4"
NOTICE:  CREATE TABLE will create implicit sequence "numeric_table_2_c5_seq" for serial column "numeric_table_2.c5"
create table mix_table_2 (
  c1 money,
  c2 boolean,
  c3 bytea,
  c4 Oid
) with (storage_type=USTORE);
create table time_table_2 (
  c1 date,
  c2 time,
  c3 time(6),
  c4 time without time zone,
  c5 time with time zone,
  c6 time(6) without time zone,
  c7 time(6) with time zone,
  c8 timestamp,
  c9 timestamp(6),
  c10 timestamp without time zone,
  c11 timestamp with time zone,
  c12 timestamp(6) without time zone,
  c13 timestamp(6) with time zone,
  c14 smalldatetime,
  c15 interval,
  c16 interval day (3) to second (4),
  c17 interval year,
  c18 interval second (6),
  c19 interval hour to second(6),
  c20 reltime,
  c21 timetz,
  c22 tinterval,
  c23 abstime
) with (storage_type=USTORE);
create table character_table_2 (
  c1 char,
  c2 char(10),
  c3 character,
  c4 character(20),
  c5 nchar,
  c6 nchar(30),
  c7 varchar,
  c8 varchar(40),
  c9 character varying(200),
  c10 varchar2(50),
  c11 nvarchar2(60),
  c12 clob,
  c13 text,
  c14 "char"
) with (storage_type=USTORE);
create table network_table_2 (
  c1 cidr,
  c2 inet
) with (storage_type=USTORE);
create table bit_table_2 (
  c1 bit,
  c2 bit varying
) with (storage_type=USTORE);
create table text_search_table_2 (
  c1 tsvector,
  c2 tsquery
) with (storage_type=USTORE);
create table geometric_table_2 (
  c1 point,
  c2 lseg,
  c3 box,
  c4 path,
  c5 path,
  c6 polygon,
  c7 circle
) with (storage_type=USTORE);
create table t1_2 (
  c1 int[],
  c2 int[][],
  c3 blob,
  c4 raw,
  c5 composite_type,
  c6 box,
  c7 name,
  c8 macaddr,
  c9 uuid
) with (storage_type=USTORE);
-- create tables for verification
create table v_integer_table (
  c1 tinyint,
  c2 smallint,
  c3 integer not null,
  c4 bigint,
  c5 int1,
  c6 int2,
  c7 int4,
  c8 int8,
  c9 int,
  c10 binary_integer
) with (orientation=row);
create table v_decimal_table (
  c1 decimal,
  c2 decimal(38),
  c3 decimal(38,7),
  c4 numeric,
  c5 numeric(38),
  c6 numeric(38,7),
  c7 number,
  c8 number(38),
  c9 number(38,7),
  c10 dec,
  c11 dec(38),
  c12 dec(38,7)
) with (orientation=row);
create table v_numeric_table (
  c1 real,
  c2 double precision,
  c3 smallserial,
  c4 serial,
  c5 bigserial,
  c6 float,
  c7 float4,
  c8 float8,
  c9 binary_double
) with (orientation=row);
NOTICE:  CREATE TABLE will create implicit sequence "v_numeric_table_c3_seq" for serial column "v_numeric_table.c3"
NOTICE:  CREATE TABLE will create implicit sequence "v_numeric_table_c4_seq" for serial column "v_numeric_table.c4"
NOTICE:  CREATE TABLE will create implicit sequence "v_numeric_table_c5_seq" for serial column "v_numeric_table.c5"
create table v_mix_table (
  c1 money,
  c2 boolean,
  c3 bytea,
  c4 Oid
) with (orientation=row);
create table v_time_table (
  c1 date,
  c2 time,
  c3 time(6),
  c4 time without time zone,
  c5 time with time zone,
  c6 time(6) without time zone,
  c7 time(6) with time zone,
  c8 timestamp,
  c9 timestamp(6),
  c10 timestamp without time zone,
  c11 timestamp with time zone,
  c12 timestamp(6) without time zone,
  c13 timestamp(6) with time zone,
  c14 smalldatetime,
  c15 interval,
  c16 interval day (3) to second (4),
  c17 interval year,
  c18 interval second (6),
  c19 interval hour to second(6),
  c20 reltime,
  c21 timetz,
  c22 tinterval,
  c23 abstime
) with (orientation=row);
create table v_character_table (
  c1 char,
  c2 char(10),
  c3 character,
  c4 character(20),
  c5 nchar,
  c6 nchar(30),
  c7 varchar,
  c8 varchar(40),
  c9 character varying(200),
  c10 varchar2(50),
  c11 nvarchar2(60),
  c12 clob,
  c13 text,
  c14 "char"
) with (orientation=row);
create table v_network_table (
  c1 cidr not null,
  c2 inet
) with (orientation=row);
create table v_bit_table (
  c1 bit,
  c2 bit varying
) with (orientation=row);
create table v_text_search_table (
  c1 tsvector,
  c2 tsquery
) with (orientation=row);
create table v_geometric_table (
  c1 point,
  c2 lseg,
  c3 box,
  c4 path,
  c5 path,
  c6 polygon,
  c7 circle
) with (orientation=row);
create table v_t1 (
  c1 int[],
  c2 int[][],
  c3 blob,
  c4 raw,
  c5 composite_type,
  c6 box,
  c7 name,
  c8 macaddr,
  c9 uuid
) with (orientation=row);
create table v_integer_table_2 (
  c1 tinyint,
  c2 smallint,
  c3 integer,
  c4 bigint,
  c5 int1,
  c6 int2,
  c7 int4,
  c8 int8,
  c9 int,
  c10 binary_integer
) with (orientation=row);
create table v_decimal_table_2 (
  c1 decimal,
  c2 decimal(38),
  c3 decimal(38,7),
  c4 numeric,
  c5 numeric(38),
  c6 numeric(38,7),
  c7 number,
  c8 number(38),
  c9 number(38,7),
  c10 dec,
  c11 dec(38),
  c12 dec(38,7)
) with (orientation=row);
create table v_numeric_table_2 (
  c1 real,
  c2 double precision,
  c3 smallserial,
  c4 serial,
  c5 bigserial,
  c6 float,
  c7 float4,
  c8 float8,
  c9 binary_double
) with (orientation=row);
NOTICE:  CREATE TABLE will create implicit sequence "v_numeric_table_2_c3_seq" for serial column "v_numeric_table_2.c3"
NOTICE:  CREATE TABLE will create implicit sequence "v_numeric_table_2_c4_seq" for serial column "v_numeric_table_2.c4"
NOTICE:  CREATE TABLE will create implicit sequence "v_numeric_table_2_c5_seq" for serial column "v_numeric_table_2.c5"
create table v_mix_table_2 (
  c1 money,
  c2 boolean,
  c3 bytea,
  c4 Oid
) with (orientation=row);
create table v_time_table_2 (
  c1 date,
  c2 time,
  c3 time(6),
  c4 time without time zone,
  c5 time with time zone,
  c6 time(6) without time zone,
  c7 time(6) with time zone,
  c8 timestamp,
  c9 timestamp(6),
  c10 timestamp without time zone,
  c11 timestamp with time zone,
  c12 timestamp(6) without time zone,
  c13 timestamp(6) with time zone,
  c14 smalldatetime,
  c15 interval,
  c16 interval day (3) to second (4),
  c17 interval year,
  c18 interval second (6),
  c19 interval hour to second(6),
  c20 reltime,
  c21 timetz,
  c22 tinterval,
  c23 abstime
) with (orientation=row);
create table v_character_table_2 (
  c1 char,
  c2 char(10),
  c3 character,
  c4 character(20),
  c5 nchar,
  c6 nchar(30),
  c7 varchar,
  c8 varchar(40),
  c9 character varying(200),
  c10 varchar2(50),
  c11 nvarchar2(60),
  c12 clob,
  c13 text,
  c14 "char"
) with (orientation=row);
create table v_network_table_2 (
  c1 cidr,
  c2 inet
) with (orientation=row);
create table v_bit_table_2 (
  c1 bit,
  c2 bit varying
) with (orientation=row);
create table v_text_search_table_2 (
  c1 tsvector,
  c2 tsquery
) with (orientation=row);
create table v_geometric_table_2 (
  c1 point,
  c2 lseg,
  c3 box,
  c4 path,
  c5 path,
  c6 polygon,
  c7 circle
) with (orientation=row);
create table v_t1_2 (
  c1 int[],
  c2 int[][],
  c3 blob,
  c4 raw,
  c5 composite_type,
  c6 box,
  c7 name,
  c8 macaddr,
  c9 uuid
) with (orientation=row);
-- insert
insert into integer_table values(1,1,-2147483648,-9223372036854775808,1,1,1,1,1,1);
insert into v_integer_table values(1,1,-2147483648,-9223372036854775808,1,1,1,1,1,1);
insert into integer_table values(2,2,-224748364,-9223372036854775808,2,2,2,2,2,2);
insert into v_integer_table values(2,2,-224748364,-9223372036854775808,2,2,2,2,2,2);
insert into integer_table values(3,3,-334748364,-933337303685477580,3,3,3,3,3,3);
insert into v_integer_table values(3,3,-334748364,-933337303685477580,3,3,3,3,3,3);
insert into decimal_table values (123.456789,123.456789,123.456789,123.456789,123.456789,123.456789,246.12345,246.12345,246.12345,246.12345,246.12345,246.12345);
insert into v_decimal_table values (123.456789,123.456789,123.456789,123.456789,123.456789,123.456789,246.12345,246.12345,246.12345,246.12345,246.12345,246.12345);
insert into decimal_table values (234.456789,234.456789,234.456789,234.456789,234.456789,234.456789,246.23445,246.23445,246.23445,246.23445,246.23445,246.23445);
insert into v_decimal_table values (234.456789,234.456789,234.456789,234.456789,234.456789,234.456789,246.23445,246.23445,246.23445,246.23445,246.23445,246.23445);
insert into decimal_table values (345.456789,345.456789,345.456789,345.456789,345.456789,345.456789,246.34545,246.34545,246.34545,246.34545,246.34545,246.34545);
insert into v_decimal_table values (345.456789,345.456789,345.456789,345.456789,345.456789,345.456789,246.34545,246.34545,246.34545,246.34545,246.34545,246.34545);
insert into numeric_table values (123.456789,123.456789,123.456789,123.456789,246.12345,246.12345,246.12345,246.12345,246.12345);
insert into v_numeric_table values (123.456789,123.456789,123.456789,123.456789,246.12345,246.12345,246.12345,246.12345,246.12345);
insert into numeric_table values (234.456789,234.456789,234.456789,234.456789,246.23445,246.23445,246.23445,246.23445,246.23445);
insert into v_numeric_table values (234.456789,234.456789,234.456789,234.456789,246.23445,246.23445,246.23445,246.23445,246.23445);
insert into numeric_table values (345.456789,345.456789,345.456789,345.456789,246.34545,246.34545,246.34545,246.34545,246.34545);
insert into v_numeric_table values (345.456789,345.456789,345.456789,345.456789,246.34545,246.34545,246.34545,246.34545,246.34545);
insert into mix_table values (144,true,E'\\000',19981122);
insert into v_mix_table values (144,true,E'\\000',19981122);
insert into mix_table values (154,true,E'\\110',19981122);
insert into v_mix_table values (154,true,E'\\110',19981122);
insert into mix_table values (1444,true,E'\\100',19981122);
insert into v_mix_table values (1444,true,E'\\100',19981122);
insert into network_table values ('192.168.1','192.168.1.226/24');
insert into v_network_table values ('192.168.1','192.168.1.226/24');
insert into network_table values ('192.169.1','192.169.1.226/24');
insert into v_network_table values ('192.169.1','192.169.1.226/24');
insert into network_table values ('192.169.1','192.169.1.226/12');
insert into v_network_table values ('192.169.1','192.169.1.226/12');
insert into bit_table values (B'0',B'00');
insert into v_bit_table values (B'0',B'00');
insert into bit_table values (B'0',B'10');
insert into v_bit_table values (B'0',B'10');
insert into bit_table values (B'0',B'01');
insert into v_bit_table values (B'0',B'01');
insert into text_search_table values (' a:1 s:2 d g','1|2|4|5|6');
insert into v_text_search_table values (' a:1 s:2 d g','1|2|4|5|6');
insert into text_search_table values (' a:1 s:2 d g','1|2|4|5|7');
insert into v_text_search_table values (' a:1 s:2 d g','1|2|4|5|7');
insert into text_search_table values (' a:1 s:2 d g','1|2|4|5|8');
insert into v_text_search_table values (' a:1 s:2 d g','1|2|4|5|8');
insert into geometric_table values ('(0.0000009,0.0000009)','((0.0000009,0.0000009),(0.0000018,0.0000018))','(0,0,100,100)','((1,1),(2,2),(3,3))','[(0,0),(-10,0),(-10,10)]','(2.0,0.0),(2.0,4.0),(0.0,0.0)','<(500,500),500>');
insert into v_geometric_table values ('(0.0000009,0.0000009)','((0.0000009,0.0000009),(0.0000018,0.0000018))','(0,0,100,100)','((1,1),(2,2),(3,3))','[(0,0),(-10,0),(-10,10)]','(2.0,0.0),(2.0,4.0),(0.0,0.0)','<(500,500),500>');
insert into geometric_table values ('(0.0000009,0.0000009)','((0.0000009,0.0000009),(0.0000006,0.0000006))','(0,0,100,100)','((1,1),(2,2),(3,3))','[(0,0),(-10,0),(-10,10)]','(2.0,0.0),(2.0,4.0),(0.0,0.0)','<(500,500),500>');
insert into v_geometric_table values ('(0.0000009,0.0000009)','((0.0000009,0.0000009),(0.0000006,0.0000006))','(0,0,100,100)','((1,1),(2,2),(3,3))','[(0,0),(-10,0),(-10,10)]','(2.0,0.0),(2.0,4.0),(0.0,0.0)','<(500,500),500>');
insert into geometric_table values ('(0.0000009,0.0000009)','((0.0000009,0.0000009),(0.0000006,0.0000006))','(0,0,100,100)','((1,1),(2,2),(3,3))','[(0,0),(-10,0),(-10,10)]','(2.0,0.0),(2.0,4.0),(0.0,0.0)','<(250,250),250>');
insert into v_geometric_table values ('(0.0000009,0.0000009)','((0.0000009,0.0000009),(0.0000006,0.0000006))','(0,0,100,100)','((1,1),(2,2),(3,3))','[(0,0),(-10,0),(-10,10)]','(2.0,0.0),(2.0,4.0),(0.0,0.0)','<(250,250),250>');
insert into time_table values ('2020-09-04','00:00:01','21:21:21','21:21:21', '21:21:21 pst','04:05:06','04:05:06 PST','2010-12-12','2010-12-12','2010-12-12','2010-12-12 pst','2010-12-12','2010-12-12 pst','2003-04-12 04:05:06','2 day 13:24:56',INTERVAL '3' DAY,interval '2' year,INTERVAL '2333' second,INTERVAL '5:23:35.5555' hour to second,'3 days','1984-2-6 01:00:30+8','["Feb 10, 1947 23:59:12" "Jan 14, 1973 03:14:21"]','Aug 15 14:23:19 1983');
insert into v_time_table values ('2020-09-04','00:00:01','21:21:21','21:21:21', '21:21:21 pst','04:05:06','04:05:06 PST','2010-12-12','2010-12-12','2010-12-12','2010-12-12 pst','2010-12-12','2010-12-12 pst','2003-04-12 04:05:06','2 day 13:24:56',INTERVAL '3' DAY,interval '2' year,INTERVAL '2333' second,INTERVAL '5:23:35.5555' hour to second,'3 days','1984-2-6 01:00:30+8','["Feb 10, 1947 23:59:12" "Jan 14, 1973 03:14:21"]','Aug 15 14:23:19 1983');
insert into time_table values ('2020-09-04','00:00:01','21:21:21','21:21:21', '21:21:21 pst','04:05:06','04:05:06 PST','2010-12-12','2010-12-12','2010-12-12','2010-12-12 pst','2010-12-12','2010-12-12 pst','2003-04-12 04:05:06','2 day 13:24:56',INTERVAL '3' DAY,interval '2' year,INTERVAL '2333' second,INTERVAL '5:23:35.5555' hour to second,'3 days','1984-2-6 01:00:30+8','["Feb 10, 1947 23:59:12" "Jan 14, 1973 03:14:21"]','Aug 15 14:23:19 1998');
insert into v_time_table values ('2020-09-04','00:00:01','21:21:21','21:21:21', '21:21:21 pst','04:05:06','04:05:06 PST','2010-12-12','2010-12-12','2010-12-12','2010-12-12 pst','2010-12-12','2010-12-12 pst','2003-04-12 04:05:06','2 day 13:24:56',INTERVAL '3' DAY,interval '2' year,INTERVAL '2333' second,INTERVAL '5:23:35.5555' hour to second,'3 days','1984-2-6 01:00:30+8','["Feb 10, 1947 23:59:12" "Jan 14, 1973 03:14:21"]','Aug 15 14:23:19 1998');
insert into time_table values ('2020-09-04','00:00:01','21:21:21','21:21:21', '21:21:21 pst','04:05:06','04:05:06 PST','2010-12-12','2010-12-12','2010-12-12','2010-12-12 pst','2010-12-12','2010-12-12 pst','2003-04-12 04:05:06','2 day 13:24:56',INTERVAL '3' DAY,interval '2' year,INTERVAL '2333' second,INTERVAL '5:23:35.5555' hour to second,'3 days','1984-2-6 01:00:30+8','["Feb 10, 1947 23:59:12" "Jan 14, 2019 03:14:21"]','Mar 15 14:23:19 1998');
insert into v_time_table values ('2020-09-04','00:00:01','21:21:21','21:21:21', '21:21:21 pst','04:05:06','04:05:06 PST','2010-12-12','2010-12-12','2010-12-12','2010-12-12 pst','2010-12-12','2010-12-12 pst','2003-04-12 04:05:06','2 day 13:24:56',INTERVAL '3' DAY,interval '2' year,INTERVAL '2333' second,INTERVAL '5:23:35.5555' hour to second,'3 days','1984-2-6 01:00:30+8','["Feb 10, 1947 23:59:12" "Jan 14, 2019 03:14:21"]','Mar 15 14:23:19 1998');
insert into character_table values ('a','hello','a','hello','a','hello','a','hello','99991231','99991231','99991231','clob','hello how are you','HIHIHI');
insert into v_character_table values ('a','hello','a','hello','a','hello','a','hello','99991231','99991231','99991231','clob','hello how are you','HIHIHI');
insert into character_table values ('b','hello','b','hello','b','hello','b','hello','99991231','99991231','99991231','clob','hello how are you','HIHIHI');
insert into v_character_table values ('b','hello','b','hello','b','hello','b','hello','99991231','99991231','99991231','clob','hello how are you','HIHIHI');
insert into character_table values ('c','hello','c','hello','c','hello','c','hello','99991231','99991231','99991231','clob','hello how are you','HIHIHI');
insert into v_character_table values ('c','hello','c','hello','c','hello','c','hello','99991231','99991231','99991231','clob','hello how are you','HIHIHI');
insert into t1 values('{1,2,3}','{{1},{2}}','aaaaaaaaaaa','DEADBEEF',row(214748,12345.122,false,2000,'hello','2020-09-04','(0.0000009,0.0000009)','192.168.1','<(250,250),250>'),'(0,0,100,100)','AAAAAA','08:00:2b:01:02:03','A0EEBC99-9C0B-4EF8-BB6D-6BB9BD380A11');
insert into v_t1 values('{1,2,3}','{{1},{2}}','aaaaaaaaaaa','DEADBEEF',row(214748,12345.122,false,2000,'hello','2020-09-04','(0.0000009,0.0000009)','192.168.1','<(250,250),250>'),'(0,0,100,100)','AAAAAA','08:00:2b:01:02:03','A0EEBC99-9C0B-4EF8-BB6D-6BB9BD380A11');
insert into t1 values('{1,2,3}','{{1},{2}}','aaaaaaaaaaa','DEADBEEF',row(214748,135.2468,true,2000,'helloo','2020-09-04','(0.0000009,0.0000009)','192.168.1','<(500,500),500>'),'(0,0,100,100)','BBBBBB','08:00:2b:01:02:03','A0EEBC99-9C0B-4EF8-BB6D-6BB9BD380A11');
insert into v_t1 values('{1,2,3}','{{1},{2}}','aaaaaaaaaaa','DEADBEEF',row(214748,135.2468,true,2000,'helloo','2020-09-04','(0.0000009,0.0000009)','192.168.1','<(500,500),500>'),'(0,0,100,100)','BBBBBB','08:00:2b:01:02:03','A0EEBC99-9C0B-4EF8-BB6D-6BB9BD380A11');
-- insert select
insert into integer_table_2 select * from integer_table;
insert into v_integer_table_2 select * from v_integer_table;
insert into decimal_table_2 select * from decimal_table;
insert into v_decimal_table_2 select * from v_decimal_table;
insert into numeric_table_2 select * from numeric_table;
insert into v_numeric_table_2 select * from v_numeric_table;
insert into mix_table_2 select * from mix_table;
insert into v_mix_table_2 select * from v_mix_table;
insert into network_table_2 select * from network_table;
insert into v_network_table_2 select * from v_network_table;
insert into bit_table_2 select * from bit_table;
insert into v_bit_table_2 select * from v_bit_table;
insert into text_search_table_2 select * from text_search_table;
insert into v_text_search_table_2 select * from v_text_search_table;
insert into geometric_table_2 select * from geometric_table;
insert into v_geometric_table_2 select * from v_geometric_table;
insert into character_table_2 select * from character_table;
insert into v_character_table_2 select * from v_character_table;
insert into t1_2 select * from t1;
insert into v_t1_2 select * from v_t1;
create view view_insert_1 as (select * from integer_table_2 except select * from v_integer_table_2);
create view view_insert_2 as (select * from decimal_table_2 except select * from v_decimal_table_2);
create view view_insert_3 as (select * from numeric_table_2 except select * from v_numeric_table_2);
create view view_insert_4 as (select * from mix_table_2 except select * from v_mix_table_2);
create view view_insert_5 as (select * from network_table_2 except select * from v_network_table_2);
create view view_insert_6 as (select * from bit_table_2 except select * from v_bit_table_2);
create view view_insert_7 as (select * from text_search_table_2 except select * from v_text_search_table_2);
create view view_insert_9 as (select * from time_table_2 except select * from v_time_table_2);
create view view_insert_10 as (select * from character_table_2 except select * from v_character_table_2);
select * from view_insert_1;
 c1 | c2 | c3 | c4 | c5 | c6 | c7 | c8 | c9 | c10 
----+----+----+----+----+----+----+----+----+-----
(0 rows)

select * from view_insert_2;
 c1 | c2 | c3 | c4 | c5 | c6 | c7 | c8 | c9 | c10 | c11 | c12 
----+----+----+----+----+----+----+----+----+-----+-----+-----
(0 rows)

select * from view_insert_3;
 c1 | c2 | c3 | c4 | c5 | c6 | c7 | c8 | c9 
----+----+----+----+----+----+----+----+----
(0 rows)

select * from view_insert_4;
 c1 | c2 | c3 | c4 
----+----+----+----
(0 rows)

select * from view_insert_5;
 c1 | c2 
----+----
(0 rows)

select * from view_insert_6;
 c1 | c2 
----+----
(0 rows)

select * from view_insert_7;
 c1 | c2 
----+----
(0 rows)

select * from view_insert_9;
 c1 | c2 | c3 | c4 | c5 | c6 | c7 | c8 | c9 | c10 | c11 | c12 | c13 | c14 | c15 | c16 | c17 | c18 | c19 | c20 | c21 | c22 | c23 
----+----+----+----+----+----+----+----+----+-----+-----+-----+-----+-----+-----+-----+-----+-----+-----+-----+-----+-----+-----
(0 rows)

select * from view_insert_10;
 c1 | c2 | c3 | c4 | c5 | c6 | c7 | c8 | c9 | c10 | c11 | c12 | c13 | c14 
----+----+----+----+----+----+----+----+----+-----+-----+-----+-----+-----
(0 rows)

select * from geometric_table_2;
      c1       |                c2                 |       c3        |         c4          |            c5            |         c6          |       c7        
---------------+-----------------------------------+-----------------+---------------------+--------------------------+---------------------+-----------------
 (9e-07,9e-07) | [(9e-07,9e-07),(1.8e-06,1.8e-06)] | (100,100),(0,0) | ((1,1),(2,2),(3,3)) | [(0,0),(-10,0),(-10,10)] | ((2,0),(2,4),(0,0)) | <(500,500),500>
 (9e-07,9e-07) | [(9e-07,9e-07),(6e-07,6e-07)]     | (100,100),(0,0) | ((1,1),(2,2),(3,3)) | [(0,0),(-10,0),(-10,10)] | ((2,0),(2,4),(0,0)) | <(500,500),500>
 (9e-07,9e-07) | [(9e-07,9e-07),(6e-07,6e-07)]     | (100,100),(0,0) | ((1,1),(2,2),(3,3)) | [(0,0),(-10,0),(-10,10)] | ((2,0),(2,4),(0,0)) | <(250,250),250>
(3 rows)

select * from v_geometric_table_2;
      c1       |                c2                 |       c3        |         c4          |            c5            |         c6          |       c7        
---------------+-----------------------------------+-----------------+---------------------+--------------------------+---------------------+-----------------
 (9e-07,9e-07) | [(9e-07,9e-07),(1.8e-06,1.8e-06)] | (100,100),(0,0) | ((1,1),(2,2),(3,3)) | [(0,0),(-10,0),(-10,10)] | ((2,0),(2,4),(0,0)) | <(500,500),500>
 (9e-07,9e-07) | [(9e-07,9e-07),(6e-07,6e-07)]     | (100,100),(0,0) | ((1,1),(2,2),(3,3)) | [(0,0),(-10,0),(-10,10)] | ((2,0),(2,4),(0,0)) | <(500,500),500>
 (9e-07,9e-07) | [(9e-07,9e-07),(6e-07,6e-07)]     | (100,100),(0,0) | ((1,1),(2,2),(3,3)) | [(0,0),(-10,0),(-10,10)] | ((2,0),(2,4),(0,0)) | <(250,250),250>
(3 rows)

select * from t1_2;
   c1    |    c2     |      c3      |    c4    |                                                         c5                                                         |       c6        |   c7   |        c8         |                  c9                  
---------+-----------+--------------+----------+--------------------------------------------------------------------------------------------------------------------+-----------------+--------+-------------------+--------------------------------------
 {1,2,3} | {{1},{2}} | 0AAAAAAAAAAA | DEADBEEF | (214748,12345.122,f,"$2,000.00",hello,"Fri Sep 04 00:00:00 2020","(9e-07,9e-07)",192.168.1.0/24,"<(250,250),250>") | (100,100),(0,0) | AAAAAA | 08:00:2b:01:02:03 | a0eebc99-9c0b-4ef8-bb6d-6bb9bd380a11
 {1,2,3} | {{1},{2}} | 0AAAAAAAAAAA | DEADBEEF | (214748,135.2468,t,"$2,000.00",helloo,"Fri Sep 04 00:00:00 2020","(9e-07,9e-07)",192.168.1.0/24,"<(500,500),500>") | (100,100),(0,0) | BBBBBB | 08:00:2b:01:02:03 | a0eebc99-9c0b-4ef8-bb6d-6bb9bd380a11
(2 rows)

select * from v_t1_2;
   c1    |    c2     |      c3      |    c4    |                                                         c5                                                         |       c6        |   c7   |        c8         |                  c9                  
---------+-----------+--------------+----------+--------------------------------------------------------------------------------------------------------------------+-----------------+--------+-------------------+--------------------------------------
 {1,2,3} | {{1},{2}} | 0AAAAAAAAAAA | DEADBEEF | (214748,12345.122,f,"$2,000.00",hello,"Fri Sep 04 00:00:00 2020","(9e-07,9e-07)",192.168.1.0/24,"<(250,250),250>") | (100,100),(0,0) | AAAAAA | 08:00:2b:01:02:03 | a0eebc99-9c0b-4ef8-bb6d-6bb9bd380a11
 {1,2,3} | {{1},{2}} | 0AAAAAAAAAAA | DEADBEEF | (214748,135.2468,t,"$2,000.00",helloo,"Fri Sep 04 00:00:00 2020","(9e-07,9e-07)",192.168.1.0/24,"<(500,500),500>") | (100,100),(0,0) | BBBBBB | 08:00:2b:01:02:03 | a0eebc99-9c0b-4ef8-bb6d-6bb9bd380a11
(2 rows)

-- drop table, type and view
drop type composite_type cascade;
NOTICE:  drop cascades to 4 other objects
DETAIL:  drop cascades to table t1 column c5
drop cascades to table t1_2 column c5
drop cascades to table v_t1 column c5
drop cascades to table v_t1_2 column c5
drop view view_insert_1 cascade;
drop view view_insert_2 cascade;
drop view view_insert_3 cascade;
drop view view_insert_4 cascade;
drop view view_insert_5 cascade;
drop view view_insert_6 cascade;
drop view view_insert_7 cascade;
drop view view_insert_9 cascade;
drop view view_insert_10 cascade;
drop table v_integer_table;
drop table v_decimal_table;
drop table v_numeric_table;
drop table v_mix_table;
drop table v_network_table;
drop table v_bit_table;
drop table v_text_search_table;
drop table v_geometric_table;
drop table v_time_table;
drop table v_character_table;
drop table v_t1;
drop table v_integer_table_2;
drop table v_decimal_table_2;
drop table v_numeric_table_2;
drop table v_mix_table_2;
drop table v_network_table_2;
drop table v_bit_table_2;
drop table v_text_search_table_2;
drop table v_geometric_table_2;
drop table v_time_table_2;
drop table v_character_table_2;
drop table v_t1_2;
drop table integer_table;
drop table decimal_table;
drop table numeric_table;
drop table mix_table;
drop table network_table;
drop table bit_table;
drop table text_search_table;
drop table geometric_table;
drop table time_table;
drop table character_table;
drop table t1;
drop table integer_table_2;
drop table decimal_table_2;
drop table numeric_table_2;
drop table mix_table_2;
drop table network_table_2;
drop table bit_table_2;
drop table text_search_table_2;
drop table geometric_table_2;
drop table time_table_2;
drop table character_table_2;
drop table t1_2;
